[31488:4436:0320/202148.208:WARNING:chrome_main_delegate.cc(745)] This is Chrome version 128.0.6613.138 (not a warning)
[31488:29684:0320/202148.500:ERROR:google_update_settings.cc(265)] Failed opening key Software\Chromium to set usagestats; result: 5
[31488:4436:0320/202148.707:WARNING:account_consistency_mode_manager.cc(77)] Desktop Identity Consistency cannot be enabled as no OAuth client ID and client secret have been configured.
[7776:20420:0320/202153.819:WARNING:frame_impl.cc(430)] virtual CefFrameImpl::SendProcessMessage sent to detached frame 5-095DB1D04A923CE4C65CDA8D4F559BEE will be ignored
[31488:34424:0320/202154.280:WARNING:browser_info.cc(345)] Returning a speculative frame for [7,9]
[31488:4436:0320/202154.336:WARNING:browser_info.cc(345)] Returning a speculative frame for [8,9]
[31488:4436:0320/202154.336:WARNING:browser_info.cc(345)] Returning a speculative frame for [8,9]
[31488:4436:0320/202154.336:WARNING:browser_info.cc(345)] Returning a speculative frame for [8,9]
[31488:4436:0320/202154.336:WARNING:browser_info.cc(345)] Returning a speculative frame for [8,9]
[31488:34424:0320/202154.342:WARNING:browser_info.cc(345)] Returning a speculative frame for [8,9]
[6496:20668:0320/202401.575:ERROR:shared_image_manager.cc(224)] SharedImageManager::ProduceSkia: Trying to Produce a Skia representation from a non-existent mailbox.
[6496:20668:0320/202401.575:ERROR:shared_image_manager.cc(224)] SharedImageManager::ProduceSkia: Trying to Produce a Skia representation from a non-existent mailbox.
[31488:4436:0320/212434.560:ERROR:device_event_log_impl.cc(196)] [21:24:34.471] USB: usb_service_win.cc:105 SetupDiGetDeviceProperty({{A45C254E-DF1C-4EFD-8020-67D146A850E0}, 6}) failed: Element not found. (0x490)
[31488:4436:0320/212502.563:ERROR:usb_descriptors.cc(166)] Device descriptor parsing error.
[31488:4436:0320/212502.564:ERROR:device_event_log_impl.cc(196)] [21:25:02.564] USB: usb_device_win.cc:95 Failed to read descriptors from \\?\usb#vid_346d&pid_5678#1304651006246462241#{a5dcbf10-6530-11d2-901f-00c04fb951ed}.
[31488:4436:0320/222606.856:ERROR:usb_descriptors.cc(146)] Failed to read length for configuration 0.
[31488:4436:0320/222606.856:ERROR:usb_descriptors.cc(105)] Failed to read all configuration descriptors. Expected 1, got 0.
[31488:4436:0320/222606.856:ERROR:device_event_log_impl.cc(196)] [22:26:06.857] USB: usb_device_win.cc:95 Failed to read descriptors from \\?\usb#vid_346d&pid_5678#1304651006246462241#{a5dcbf10-6530-11d2-901f-00c04fb951ed}.
[31488:4436:0320/222619.857:ERROR:usb_descriptors.cc(146)] Failed to read length for configuration 0.
[31488:4436:0320/222619.857:ERROR:usb_descriptors.cc(105)] Failed to read all configuration descriptors. Expected 1, got 0.
[31488:4436:0320/222619.857:ERROR:device_event_log_impl.cc(196)] [22:26:19.857] USB: usb_device_win.cc:95 Failed to read descriptors from \\?\usb#vid_346d&pid_5678#1304651006246462241#{a5dcbf10-6530-11d2-901f-00c04fb951ed}.
[31488:4436:0320/222645.527:WARNING:pref_notifier_impl.cc(41)] Pref observer for media_router.cast_allow_all_ips found at shutdown.
